============================= test session starts =============================
platform win32 -- Python 3.12.10, pytest-7.4.3, pluggy-1.6.0 -- C:\Users\muham\AppData\Local\Programs\Python\Python312\python.exe
cachedir: .pytest_cache
PyQt6 6.10.2 -- Qt runtime 6.10.1 -- Qt compiled 6.10.0
rootdir: C:\Users\muham\OneDrive\Masa³st³\projecta\SENTIENT_OS
configfile: pytest.ini
plugins: anyio-4.12.1, cov-4.1.0, mock-3.12.0, qt-4.2.0
collecting ... collected 1 item

tests/integration/test_server_full_flow.py::test_server_success_flow FAILED [100%]

================================== FAILURES ===================================
__________________________ test_server_success_flow ___________________________

brain = <core.gemini_brain.GeminiBrain object at 0x000001FE790A4D40>

    def test_server_success_flow(brain):
        """Test standard successful server response."""
        mock_resp = InferenceResponse(text="Hello from server", actions=[{"type": "GLITCH", "payload": {}}], cache="miss")
    
        with patch('core.gemini_brain.SentientClient', return_value=MockSentientClient([mock_resp])):
            response = brain.generate_response("Hi")
>           assert response["speech"] == "Hello from server"
E           AssertionError: assert 'Korku, insan² hayatta tutan tek ■eydir.' == 'Hello from server'
E             - Hello from server
E             + Korku, insan² hayatta tutan tek ■eydir.

tests\integration\test_server_full_flow.py:57: AssertionError
---------------------------- Captured stdout setup ----------------------------
[CONFIG] STREAMER_MODE: True \u2192 False\n[CONFIG] AI_SAFETY_CHECK: True \u2192 False\n[CONFIG] LANGUAGE: tr \u2192 tr\n[CONFIG] SAFE_HARDWARE: False \u2192 False\n[CONFIG] CHAOS_LEVEL: 0 \u2192 0\n[CONFIG] ENABLE_STROBE: False \u2192 False\n[CONFIG] TARGET_MONITOR_INDEX: 0 \u2192 0\n[CONFIG] PROTECTED_PROCESSES: ['obs64.exe', 'obs32.exe', 'streamlabs.exe', 'discord.exe', 'chrome.exe', 'firefox.exe'] \u2192 ['obs64.exe', 'obs32.exe', 'streamlabs.exe', 'discord.exe', 'chrome.exe', 'firefox.exe']\n[CONFIG] GEMINI_KEY: None \u2192 AIzaSyBtPd2Hd8exaX4WXIadKRtWDpKskW0oRIA\n[CONFIG] Legacy Config populated from YAML\n[CONFIG] YAML configuration loaded successfully\n[CONFIG] TEST_MODE: None \u2192 True\n[INFO] SENTIENT_OS v0.8.0 - Logging initialized\n[INFO] [BRAIN] Server configured: http://localhost:8000\n[INFO] [BRAIN] Server Integration ACTIVE: http://localhost:8000\n[INFO] [BRAIN] Gemini Connected (UNSHACKLED MODE).
----------------------------- Captured log setup ------------------------------
INFO     SENTIENT_OS:logger.py:67 SENTIENT_OS v0.8.0 - Logging initialized
INFO     SENTIENT_OS:logger.py:88 [BRAIN] Server configured: http://localhost:8000
INFO     SENTIENT_OS:logger.py:88 [BRAIN] Server Integration ACTIVE: http://localhost:8000
INFO     SENTIENT_OS:logger.py:88 [BRAIN] Gemini Connected (UNSHACKLED MODE).
---------------------------- Captured stdout call -----------------------------
[INFO] [BRAIN] [08efde8c] Generating response [ID: 08efde8c]
[INFO] [BRAIN] [08efde8c] Attempting server inference...
[INFO] [BRAIN] [08efde8c] Server attempt 1/3 [ID: 08efde8c]
[WARNING] [BRAIN] Server request failed: name 'log_time' is not defined
[INFO] [BRAIN] Sending request to Gemini API (Try 1)...
[ERROR] [BRAIN] Unexpected error: 400 API key not valid. Please pass a valid API key. [reason: "API_KEY_INVALID"
domain: "googleapis.com"
metadata {
  key: "service"
  value: "generativelanguage.googleapis.com"
}
, locale: "en-US"
message: "API key not valid. Please pass a valid API key."
]
[BACKUP_BRAIN] Generating fallback response for ENTITY
------------------------------ Captured log call ------------------------------
INFO     SENTIENT_OS:logger.py:88 [BRAIN] [08efde8c] Generating response [ID: 08efde8c]
INFO     SENTIENT_OS:logger.py:88 [BRAIN] [08efde8c] Attempting server inference...
INFO     SENTIENT_OS:logger.py:88 [BRAIN] [08efde8c] Server attempt 1/3 [ID: 08efde8c]
WARNING  SENTIENT_OS:logger.py:88 [BRAIN] Server request failed: name 'log_time' is not defined
INFO     SENTIENT_OS:logger.py:88 [BRAIN] Sending request to Gemini API (Try 1)...
ERROR    SENTIENT_OS:logger.py:88 [BRAIN] Unexpected error: 400 API key not valid. Please pass a valid API key. [reason: "API_KEY_INVALID"
domain: "googleapis.com"
metadata {
  key: "service"
  value: "generativelanguage.googleapis.com"
}
, locale: "en-US"
message: "API key not valid. Please pass a valid API key."
]
============================== warnings summary ===============================
..\..\..\..\AppData\Local\Programs\Python\Python312\Lib\site-packages\httplib2\auth.py:19
  C:\Users\muham\AppData\Local\Programs\Python\Python312\Lib\site-packages\httplib2\auth.py:19: DeprecationWarning: 'setName' deprecated - use 'set_name'
    token = pp.Word(tchar).setName("token")

..\..\..\..\AppData\Local\Programs\Python\Python312\Lib\site-packages\httplib2\auth.py:20
  C:\Users\muham\AppData\Local\Programs\Python\Python312\Lib\site-packages\httplib2\auth.py:20: DeprecationWarning: 'leaveWhitespace' deprecated - use 'leave_whitespace'
    token68 = pp.Combine(pp.Word("-._~+/" + pp.nums + pp.alphas) + pp.Optional(pp.Word("=").leaveWhitespace())).setName(

..\..\..\..\AppData\Local\Programs\Python\Python312\Lib\site-packages\httplib2\auth.py:20
  C:\Users\muham\AppData\Local\Programs\Python\Python312\Lib\site-packages\httplib2\auth.py:20: DeprecationWarning: 'setName' deprecated - use 'set_name'
    token68 = pp.Combine(pp.Word("-._~+/" + pp.nums + pp.alphas) + pp.Optional(pp.Word("=").leaveWhitespace())).setName(

..\..\..\..\AppData\Local\Programs\Python\Python312\Lib\site-packages\httplib2\auth.py:24
  C:\Users\muham\AppData\Local\Programs\Python\Python312\Lib\site-packages\httplib2\auth.py:24: DeprecationWarning: 'setName' deprecated - use 'set_name'
    quoted_string = pp.dblQuotedString.copy().setName("quoted-string").setParseAction(unquote)

..\..\..\..\AppData\Local\Programs\Python\Python312\Lib\site-packages\httplib2\auth.py:24
  C:\Users\muham\AppData\Local\Programs\Python\Python312\Lib\site-packages\httplib2\auth.py:24: DeprecationWarning: 'setParseAction' deprecated - use 'set_parse_action'
    quoted_string = pp.dblQuotedString.copy().setName("quoted-string").setParseAction(unquote)

..\..\..\..\AppData\Local\Programs\Python\Python312\Lib\site-packages\httplib2\auth.py:25
  C:\Users\muham\AppData\Local\Programs\Python\Python312\Lib\site-packages\httplib2\auth.py:25: DeprecationWarning: 'setName' deprecated - use 'set_name'
    auth_param_name = token.copy().setName("auth-param-name").addParseAction(downcaseTokens)

..\..\..\..\AppData\Local\Programs\Python\Python312\Lib\site-packages\httplib2\auth.py:25
  C:\Users\muham\AppData\Local\Programs\Python\Python312\Lib\site-packages\httplib2\auth.py:25: DeprecationWarning: 'addParseAction' deprecated - use 'add_parse_action'
    auth_param_name = token.copy().setName("auth-param-name").addParseAction(downcaseTokens)

..\..\..\..\AppData\Local\Programs\Python\Python312\Lib\site-packages\httplib2\auth.py:27
  C:\Users\muham\AppData\Local\Programs\Python\Python312\Lib\site-packages\httplib2\auth.py:27: DeprecationWarning: 'delimitedList' deprecated - use 'DelimitedList'
    params = pp.Dict(pp.delimitedList(pp.Group(auth_param)))

..\..\..\..\AppData\Local\Programs\Python\Python312\Lib\site-packages\httplib2\auth.py:33
  C:\Users\muham\AppData\Local\Programs\Python\Python312\Lib\site-packages\httplib2\auth.py:33: DeprecationWarning: 'delimitedList' deprecated - use 'DelimitedList'
    www_authenticate = pp.delimitedList(pp.Group(challenge))

core\gemini_brain.py:35
  C:\Users\muham\OneDrive\Masa³st³\projecta\SENTIENT_OS\core\gemini_brain.py:35: FutureWarning: 
  
  All support for the `google.generativeai` package has ended. It will no longer be receiving 
  updates or bug fixes. Please switch to the `google.genai` package as soon as possible.
  See README for more details:
  
  https://github.com/google-gemini/deprecated-generative-ai-python/blob/main/README.md
  
    import google.generativeai as genai

-- Docs: https://docs.pytest.org/en/stable/how-to/capture-warnings.html
=========================== short test summary info ===========================
FAILED tests/integration/test_server_full_flow.py::test_server_success_flow
======================= 1 failed, 10 warnings in 1.02s ========================
